// Jest Snapshot v1, https://goo.gl/fbAQLP

exports[`Products dialog test matches snapshot 1`] = `
Object {
  "asFragment": [Function],
  "baseElement": <body
    style=""
  >
    <div>
      <div
        class="MuiBox-root css-0"
        title="Products"
      >
        <div
          class="MuiBox-root css-8atqhb"
        >
          <div
            class="MuiBox-root css-i9gxme"
          >
            <header
              class="MuiPaper-root MuiPaper-elevation MuiPaper-elevation4 MuiAppBar-root MuiAppBar-colorPrimary MuiAppBar-positionStatic css-hip9hq-MuiPaper-root-MuiAppBar-root"
            >
              <div
                class="MuiToolbar-root MuiToolbar-gutters MuiToolbar-regular css-hyum1k-MuiToolbar-root"
              >
                <button
                  aria-label="menu"
                  class="MuiButtonBase-root MuiIconButton-root MuiIconButton-colorInherit MuiIconButton-edgeStart MuiIconButton-sizeLarge css-ancrnh-MuiButtonBase-root-MuiIconButton-root"
                  tabindex="0"
                  type="button"
                >
                  <svg
                    aria-hidden="true"
                    class="MuiSvgIcon-root MuiSvgIcon-fontSizeMedium css-i4bv87-MuiSvgIcon-root"
                    data-testid="MenuIcon"
                    focusable="false"
                    viewBox="0 0 24 24"
                  >
                    <path
                      d="M3 18h18v-2H3v2zm0-5h18v-2H3v2zm0-7v2h18V6H3z"
                    />
                  </svg>
                  <span
                    class="MuiTouchRipple-root css-8je8zh-MuiTouchRipple-root"
                  />
                </button>
                <div
                  class="MuiTypography-root MuiTypography-h6 css-1juivf6-MuiTypography-root"
                >
                  Products
                </div>
                <button
                  class="MuiButtonBase-root MuiButton-root MuiButton-contained MuiButton-containedPrimary MuiButton-sizeMedium MuiButton-containedSizeMedium css-sghohy-MuiButtonBase-root-MuiButton-root"
                  tabindex="0"
                  type="button"
                >
                  <span
                    class="MuiButton-startIcon MuiButton-iconSizeMedium css-1d6wzja-MuiButton-startIcon"
                  >
                    <svg
                      aria-hidden="true"
                      class="MuiSvgIcon-root MuiSvgIcon-fontSizeMedium css-i4bv87-MuiSvgIcon-root"
                      data-testid="AddCircleOutlineIcon"
                      focusable="false"
                      viewBox="0 0 24 24"
                    >
                      <path
                        d="M13 7h-2v4H7v2h4v4h2v-4h4v-2h-4V7zm-1-5C6.48 2 2 6.48 2 12s4.48 10 10 10 10-4.48 10-10S17.52 2 12 2zm0 18c-4.41 0-8-3.59-8-8s3.59-8 8-8 8 3.59 8 8-3.59 8-8 8z"
                      />
                    </svg>
                  </span>
                  Create Category
                  <span
                    class="MuiTouchRipple-root css-8je8zh-MuiTouchRipple-root"
                  />
                </button>
              </div>
            </header>
          </div>
          <span
            class="MuiCircularProgress-root MuiCircularProgress-indeterminate MuiCircularProgress-colorPrimary css-18lrjg1-MuiCircularProgress-root"
            role="progressbar"
            style="width: 40px; height: 40px;"
          >
            <svg
              class="MuiCircularProgress-svg css-1idz92c-MuiCircularProgress-svg"
              viewBox="22 22 44 44"
            >
              <circle
                class="MuiCircularProgress-circle MuiCircularProgress-circleIndeterminate css-176wh8e-MuiCircularProgress-circle"
                cx="44"
                cy="44"
                fill="none"
                r="20.2"
                stroke-width="3.6"
              />
            </svg>
          </span>
          <div
            class="MuiBox-root css-0"
          >
            <div
              class="MuiTabs-root css-1ujnqem-MuiTabs-root"
            >
              <div
                class="MuiTabs-scroller MuiTabs-fixed css-jpln7h-MuiTabs-scroller"
                style="overflow: hidden; margin-bottom: 0px;"
              >
                <div
                  aria-label="asdfe"
                  class="MuiTabs-flexContainer css-heg063-MuiTabs-flexContainer"
                  role="tablist"
                />
                <span
                  class="MuiTabs-indicator css-1aquho2-MuiTabs-indicator"
                  style="left: 0px; width: 0px;"
                />
              </div>
            </div>
          </div>
        </div>
      </div>
    </div>
  </body>,
  "container": <div>
    <div
      class="MuiBox-root css-0"
      title="Products"
    >
      <div
        class="MuiBox-root css-8atqhb"
      >
        <div
          class="MuiBox-root css-i9gxme"
        >
          <header
            class="MuiPaper-root MuiPaper-elevation MuiPaper-elevation4 MuiAppBar-root MuiAppBar-colorPrimary MuiAppBar-positionStatic css-hip9hq-MuiPaper-root-MuiAppBar-root"
          >
            <div
              class="MuiToolbar-root MuiToolbar-gutters MuiToolbar-regular css-hyum1k-MuiToolbar-root"
            >
              <button
                aria-label="menu"
                class="MuiButtonBase-root MuiIconButton-root MuiIconButton-colorInherit MuiIconButton-edgeStart MuiIconButton-sizeLarge css-ancrnh-MuiButtonBase-root-MuiIconButton-root"
                tabindex="0"
                type="button"
              >
                <svg
                  aria-hidden="true"
                  class="MuiSvgIcon-root MuiSvgIcon-fontSizeMedium css-i4bv87-MuiSvgIcon-root"
                  data-testid="MenuIcon"
                  focusable="false"
                  viewBox="0 0 24 24"
                >
                  <path
                    d="M3 18h18v-2H3v2zm0-5h18v-2H3v2zm0-7v2h18V6H3z"
                  />
                </svg>
                <span
                  class="MuiTouchRipple-root css-8je8zh-MuiTouchRipple-root"
                />
              </button>
              <div
                class="MuiTypography-root MuiTypography-h6 css-1juivf6-MuiTypography-root"
              >
                Products
              </div>
              <button
                class="MuiButtonBase-root MuiButton-root MuiButton-contained MuiButton-containedPrimary MuiButton-sizeMedium MuiButton-containedSizeMedium css-sghohy-MuiButtonBase-root-MuiButton-root"
                tabindex="0"
                type="button"
              >
                <span
                  class="MuiButton-startIcon MuiButton-iconSizeMedium css-1d6wzja-MuiButton-startIcon"
                >
                  <svg
                    aria-hidden="true"
                    class="MuiSvgIcon-root MuiSvgIcon-fontSizeMedium css-i4bv87-MuiSvgIcon-root"
                    data-testid="AddCircleOutlineIcon"
                    focusable="false"
                    viewBox="0 0 24 24"
                  >
                    <path
                      d="M13 7h-2v4H7v2h4v4h2v-4h4v-2h-4V7zm-1-5C6.48 2 2 6.48 2 12s4.48 10 10 10 10-4.48 10-10S17.52 2 12 2zm0 18c-4.41 0-8-3.59-8-8s3.59-8 8-8 8 3.59 8 8-3.59 8-8 8z"
                    />
                  </svg>
                </span>
                Create Category
                <span
                  class="MuiTouchRipple-root css-8je8zh-MuiTouchRipple-root"
                />
              </button>
            </div>
          </header>
        </div>
        <span
          class="MuiCircularProgress-root MuiCircularProgress-indeterminate MuiCircularProgress-colorPrimary css-18lrjg1-MuiCircularProgress-root"
          role="progressbar"
          style="width: 40px; height: 40px;"
        >
          <svg
            class="MuiCircularProgress-svg css-1idz92c-MuiCircularProgress-svg"
            viewBox="22 22 44 44"
          >
            <circle
              class="MuiCircularProgress-circle MuiCircularProgress-circleIndeterminate css-176wh8e-MuiCircularProgress-circle"
              cx="44"
              cy="44"
              fill="none"
              r="20.2"
              stroke-width="3.6"
            />
          </svg>
        </span>
        <div
          class="MuiBox-root css-0"
        >
          <div
            class="MuiTabs-root css-1ujnqem-MuiTabs-root"
          >
            <div
              class="MuiTabs-scroller MuiTabs-fixed css-jpln7h-MuiTabs-scroller"
              style="overflow: hidden; margin-bottom: 0px;"
            >
              <div
                aria-label="asdfe"
                class="MuiTabs-flexContainer css-heg063-MuiTabs-flexContainer"
                role="tablist"
              />
              <span
                class="MuiTabs-indicator css-1aquho2-MuiTabs-indicator"
                style="left: 0px; width: 0px;"
              />
            </div>
          </div>
        </div>
      </div>
    </div>
  </div>,
  "debug": [Function],
  "findAllByAltText": [Function],
  "findAllByDisplayValue": [Function],
  "findAllByLabelText": [Function],
  "findAllByPlaceholderText": [Function],
  "findAllByRole": [Function],
  "findAllByTestId": [Function],
  "findAllByText": [Function],
  "findAllByTitle": [Function],
  "findByAltText": [Function],
  "findByDisplayValue": [Function],
  "findByLabelText": [Function],
  "findByPlaceholderText": [Function],
  "findByRole": [Function],
  "findByTestId": [Function],
  "findByText": [Function],
  "findByTitle": [Function],
  "getAllByAltText": [Function],
  "getAllByDisplayValue": [Function],
  "getAllByLabelText": [Function],
  "getAllByPlaceholderText": [Function],
  "getAllByRole": [Function],
  "getAllByTestId": [Function],
  "getAllByText": [Function],
  "getAllByTitle": [Function],
  "getByAltText": [Function],
  "getByDisplayValue": [Function],
  "getByLabelText": [Function],
  "getByPlaceholderText": [Function],
  "getByRole": [Function],
  "getByTestId": [Function],
  "getByText": [Function],
  "getByTitle": [Function],
  "queryAllByAltText": [Function],
  "queryAllByDisplayValue": [Function],
  "queryAllByLabelText": [Function],
  "queryAllByPlaceholderText": [Function],
  "queryAllByRole": [Function],
  "queryAllByTestId": [Function],
  "queryAllByText": [Function],
  "queryAllByTitle": [Function],
  "queryByAltText": [Function],
  "queryByDisplayValue": [Function],
  "queryByLabelText": [Function],
  "queryByPlaceholderText": [Function],
  "queryByRole": [Function],
  "queryByTestId": [Function],
  "queryByText": [Function],
  "queryByTitle": [Function],
  "rerender": [Function],
  "unmount": [Function],
}
`;
