// Jest Snapshot v1, https://goo.gl/fbAQLP

exports[`Address Step test matches snapshot 1`] = `
Object {
  "asFragment": [Function],
  "baseElement": <body>
    <div>
      <div
        class="wiz-container address-step"
      >
        <div
          class="emptySpace"
        />
        <div
          class="wizardHeader wiz-item"
        >
          <h3>
            Delivery or Pickup?
          </h3>
        </div>
        <a
          href="/order/cat_drinks"
        >
          <button
            class="backButton next-prev-button wiz-item"
          >
            <svg
              aria-hidden="true"
              class="svg-inline--fa fa-arrow-circle-left fa-w-16 icon"
              data-icon="arrow-circle-left"
              data-prefix="fas"
              focusable="false"
              role="img"
              viewBox="0 0 512 512"
              xmlns="http://www.w3.org/2000/svg"
            >
              <path
                d="M256 504C119 504 8 393 8 256S119 8 256 8s248 111 248 248-111 248-248 248zm28.9-143.6L209.4 288H392c13.3 0 24-10.7 24-24v-16c0-13.3-10.7-24-24-24H209.4l75.5-72.4c9.7-9.3 9.9-24.8.4-34.3l-11-10.9c-9.4-9.4-24.6-9.4-33.9 0L107.7 239c-9.4 9.4-9.4 24.6 0 33.9l132.7 132.7c9.4 9.4 24.6 9.4 33.9 0l11-10.9c9.5-9.5 9.3-25-.4-34.3z"
                fill="currentColor"
              />
            </svg>
          </button>
        </a>
         
        <div
          class="wizardStep"
        >
          <form
            aria-label="form"
            id="addressForm"
          >
            <div
              class="icon-container"
            >
              <svg
                aria-hidden="true"
                class="svg-inline--fa fa-truck fa-w-20 "
                data-icon="truck"
                data-prefix="fas"
                focusable="false"
                role="img"
                style="font-size: 60px; color: navy; margin: 25px;"
                viewBox="0 0 640 512"
                xmlns="http://www.w3.org/2000/svg"
              >
                <path
                  d="M624 352h-16V243.9c0-12.7-5.1-24.9-14.1-33.9L494 110.1c-9-9-21.2-14.1-33.9-14.1H416V48c0-26.5-21.5-48-48-48H48C21.5 0 0 21.5 0 48v320c0 26.5 21.5 48 48 48h16c0 53 43 96 96 96s96-43 96-96h128c0 53 43 96 96 96s96-43 96-96h48c8.8 0 16-7.2 16-16v-32c0-8.8-7.2-16-16-16zM160 464c-26.5 0-48-21.5-48-48s21.5-48 48-48 48 21.5 48 48-21.5 48-48 48zm320 0c-26.5 0-48-21.5-48-48s21.5-48 48-48 48 21.5 48 48-21.5 48-48 48zm80-208H416V144h44.1l99.9 99.9V256z"
                  fill="currentColor"
                />
              </svg>
            </div>
            <div
              class="radioBox"
            >
              <input
                checked=""
                id="contactChoice1"
                name="pickupOrDelivery"
                type="radio"
                value="PICKUP"
              />
              <label
                for="contactChoice1"
              >
                Pickup
              </label>
              <input
                id="contactChoice2"
                name="pickupOrDelivery"
                type="radio"
                value="DELIVERY"
              />
              <label
                for="contactChoice2"
              >
                Delivery
              </label>
            </div>
            <div>
              <label
                for="name"
              >
                Name
              </label>
              <input
                id="name"
                name="name"
                type="text"
              />
              <span
                class="error"
              />
            </div>
            <div>
              <label
                for="tel"
              >
                Telefon
              </label>
              <input
                id="tel"
                name="telephone"
                type="text"
              />
              <span
                class="error"
              />
            </div>
            <div>
              <label
                for="email"
              >
                Email
              </label>
              <input
                id="email"
                name="email"
                type="text"
                value=""
              />
              <span
                class="error"
              />
            </div>
          </form>
        </div>
        <button
          class="nextButton next-prev-button wiz-item"
          form="addressForm"
          type="submit"
        >
          <div
            style="display: flex;"
          >
            <div
              class="label"
            >
              next
            </div>
            <div>
              <svg
                aria-hidden="true"
                class="svg-inline--fa fa-arrow-circle-right fa-w-16 icon"
                data-icon="arrow-circle-right"
                data-prefix="fas"
                focusable="false"
                role="img"
                viewBox="0 0 512 512"
                xmlns="http://www.w3.org/2000/svg"
              >
                <path
                  d="M256 8c137 0 248 111 248 248S393 504 256 504 8 393 8 256 119 8 256 8zm-28.9 143.6l75.5 72.4H120c-13.3 0-24 10.7-24 24v16c0 13.3 10.7 24 24 24h182.6l-75.5 72.4c-9.7 9.3-9.9 24.8-.4 34.3l11 10.9c9.4 9.4 24.6 9.4 33.9 0L404.3 273c9.4-9.4 9.4-24.6 0-33.9L271.6 106.3c-9.4-9.4-24.6-9.4-33.9 0l-11 10.9c-9.5 9.6-9.3 25.1.4 34.4z"
                  fill="currentColor"
                />
              </svg>
            </div>
          </div>
        </button>
        <div
          class="order-summary wiz-item"
          data-testid="order-summary"
        >
          <h3>
            Order Summary
          </h3>
          <div
            style="padding-left: 7px;"
          >
            Nothing selected
          </div>
        </div>
      </div>
    </div>
  </body>,
  "container": <div>
    <div
      class="wiz-container address-step"
    >
      <div
        class="emptySpace"
      />
      <div
        class="wizardHeader wiz-item"
      >
        <h3>
          Delivery or Pickup?
        </h3>
      </div>
      <a
        href="/order/cat_drinks"
      >
        <button
          class="backButton next-prev-button wiz-item"
        >
          <svg
            aria-hidden="true"
            class="svg-inline--fa fa-arrow-circle-left fa-w-16 icon"
            data-icon="arrow-circle-left"
            data-prefix="fas"
            focusable="false"
            role="img"
            viewBox="0 0 512 512"
            xmlns="http://www.w3.org/2000/svg"
          >
            <path
              d="M256 504C119 504 8 393 8 256S119 8 256 8s248 111 248 248-111 248-248 248zm28.9-143.6L209.4 288H392c13.3 0 24-10.7 24-24v-16c0-13.3-10.7-24-24-24H209.4l75.5-72.4c9.7-9.3 9.9-24.8.4-34.3l-11-10.9c-9.4-9.4-24.6-9.4-33.9 0L107.7 239c-9.4 9.4-9.4 24.6 0 33.9l132.7 132.7c9.4 9.4 24.6 9.4 33.9 0l11-10.9c9.5-9.5 9.3-25-.4-34.3z"
              fill="currentColor"
            />
          </svg>
        </button>
      </a>
       
      <div
        class="wizardStep"
      >
        <form
          aria-label="form"
          id="addressForm"
        >
          <div
            class="icon-container"
          >
            <svg
              aria-hidden="true"
              class="svg-inline--fa fa-truck fa-w-20 "
              data-icon="truck"
              data-prefix="fas"
              focusable="false"
              role="img"
              style="font-size: 60px; color: navy; margin: 25px;"
              viewBox="0 0 640 512"
              xmlns="http://www.w3.org/2000/svg"
            >
              <path
                d="M624 352h-16V243.9c0-12.7-5.1-24.9-14.1-33.9L494 110.1c-9-9-21.2-14.1-33.9-14.1H416V48c0-26.5-21.5-48-48-48H48C21.5 0 0 21.5 0 48v320c0 26.5 21.5 48 48 48h16c0 53 43 96 96 96s96-43 96-96h128c0 53 43 96 96 96s96-43 96-96h48c8.8 0 16-7.2 16-16v-32c0-8.8-7.2-16-16-16zM160 464c-26.5 0-48-21.5-48-48s21.5-48 48-48 48 21.5 48 48-21.5 48-48 48zm320 0c-26.5 0-48-21.5-48-48s21.5-48 48-48 48 21.5 48 48-21.5 48-48 48zm80-208H416V144h44.1l99.9 99.9V256z"
                fill="currentColor"
              />
            </svg>
          </div>
          <div
            class="radioBox"
          >
            <input
              checked=""
              id="contactChoice1"
              name="pickupOrDelivery"
              type="radio"
              value="PICKUP"
            />
            <label
              for="contactChoice1"
            >
              Pickup
            </label>
            <input
              id="contactChoice2"
              name="pickupOrDelivery"
              type="radio"
              value="DELIVERY"
            />
            <label
              for="contactChoice2"
            >
              Delivery
            </label>
          </div>
          <div>
            <label
              for="name"
            >
              Name
            </label>
            <input
              id="name"
              name="name"
              type="text"
            />
            <span
              class="error"
            />
          </div>
          <div>
            <label
              for="tel"
            >
              Telefon
            </label>
            <input
              id="tel"
              name="telephone"
              type="text"
            />
            <span
              class="error"
            />
          </div>
          <div>
            <label
              for="email"
            >
              Email
            </label>
            <input
              id="email"
              name="email"
              type="text"
              value=""
            />
            <span
              class="error"
            />
          </div>
        </form>
      </div>
      <button
        class="nextButton next-prev-button wiz-item"
        form="addressForm"
        type="submit"
      >
        <div
          style="display: flex;"
        >
          <div
            class="label"
          >
            next
          </div>
          <div>
            <svg
              aria-hidden="true"
              class="svg-inline--fa fa-arrow-circle-right fa-w-16 icon"
              data-icon="arrow-circle-right"
              data-prefix="fas"
              focusable="false"
              role="img"
              viewBox="0 0 512 512"
              xmlns="http://www.w3.org/2000/svg"
            >
              <path
                d="M256 8c137 0 248 111 248 248S393 504 256 504 8 393 8 256 119 8 256 8zm-28.9 143.6l75.5 72.4H120c-13.3 0-24 10.7-24 24v16c0 13.3 10.7 24 24 24h182.6l-75.5 72.4c-9.7 9.3-9.9 24.8-.4 34.3l11 10.9c9.4 9.4 24.6 9.4 33.9 0L404.3 273c9.4-9.4 9.4-24.6 0-33.9L271.6 106.3c-9.4-9.4-24.6-9.4-33.9 0l-11 10.9c-9.5 9.6-9.3 25.1.4 34.4z"
                fill="currentColor"
              />
            </svg>
          </div>
        </div>
      </button>
      <div
        class="order-summary wiz-item"
        data-testid="order-summary"
      >
        <h3>
          Order Summary
        </h3>
        <div
          style="padding-left: 7px;"
        >
          Nothing selected
        </div>
      </div>
    </div>
  </div>,
  "debug": [Function],
  "findAllByAltText": [Function],
  "findAllByDisplayValue": [Function],
  "findAllByLabelText": [Function],
  "findAllByPlaceholderText": [Function],
  "findAllByRole": [Function],
  "findAllByTestId": [Function],
  "findAllByText": [Function],
  "findAllByTitle": [Function],
  "findByAltText": [Function],
  "findByDisplayValue": [Function],
  "findByLabelText": [Function],
  "findByPlaceholderText": [Function],
  "findByRole": [Function],
  "findByTestId": [Function],
  "findByText": [Function],
  "findByTitle": [Function],
  "getAllByAltText": [Function],
  "getAllByDisplayValue": [Function],
  "getAllByLabelText": [Function],
  "getAllByPlaceholderText": [Function],
  "getAllByRole": [Function],
  "getAllByTestId": [Function],
  "getAllByText": [Function],
  "getAllByTitle": [Function],
  "getByAltText": [Function],
  "getByDisplayValue": [Function],
  "getByLabelText": [Function],
  "getByPlaceholderText": [Function],
  "getByRole": [Function],
  "getByTestId": [Function],
  "getByText": [Function],
  "getByTitle": [Function],
  "queryAllByAltText": [Function],
  "queryAllByDisplayValue": [Function],
  "queryAllByLabelText": [Function],
  "queryAllByPlaceholderText": [Function],
  "queryAllByRole": [Function],
  "queryAllByTestId": [Function],
  "queryAllByText": [Function],
  "queryAllByTitle": [Function],
  "queryByAltText": [Function],
  "queryByDisplayValue": [Function],
  "queryByLabelText": [Function],
  "queryByPlaceholderText": [Function],
  "queryByRole": [Function],
  "queryByTestId": [Function],
  "queryByText": [Function],
  "queryByTitle": [Function],
  "rerender": [Function],
  "unmount": [Function],
}
`;
