// Jest Snapshot v1, https://goo.gl/fbAQLP

exports[`Address Step test matches snapshot 1`] = `"<div class=\\"wizardPanel\\"><h2 class=\\"wizardHeader\\">Delivery or Pickup?</h2><div class=\\"wizardMain\\"><button class=\\"next-prev-button\\"><a href=\\"/order/productlist\\"><svg aria-hidden=\\"true\\" focusable=\\"false\\" data-prefix=\\"fas\\" data-icon=\\"arrow-circle-left\\" class=\\"svg-inline--fa fa-arrow-circle-left fa-w-16 icon\\" role=\\"img\\" xmlns=\\"http://www.w3.org/2000/svg\\" viewBox=\\"0 0 512 512\\"><path fill=\\"currentColor\\" d=\\"M256 504C119 504 8 393 8 256S119 8 256 8s248 111 248 248-111 248-248 248zm28.9-143.6L209.4 288H392c13.3 0 24-10.7 24-24v-16c0-13.3-10.7-24-24-24H209.4l75.5-72.4c9.7-9.3 9.9-24.8.4-34.3l-11-10.9c-9.4-9.4-24.6-9.4-33.9 0L107.7 239c-9.4 9.4-9.4 24.6 0 33.9l132.7 132.7c9.4 9.4 24.6 9.4 33.9 0l11-10.9c9.5-9.5 9.3-25-.4-34.3z\\"></path></svg></a></button><div class=\\"wizardCenter\\"><div class=\\"icon-container\\"><svg aria-hidden=\\"true\\" focusable=\\"false\\" data-prefix=\\"fas\\" data-icon=\\"truck\\" class=\\"svg-inline--fa fa-truck fa-w-20 \\" role=\\"img\\" xmlns=\\"http://www.w3.org/2000/svg\\" viewBox=\\"0 0 640 512\\" style=\\"font-size:60px;color:navy;margin:25px\\"><path fill=\\"currentColor\\" d=\\"M624 352h-16V243.9c0-12.7-5.1-24.9-14.1-33.9L494 110.1c-9-9-21.2-14.1-33.9-14.1H416V48c0-26.5-21.5-48-48-48H48C21.5 0 0 21.5 0 48v320c0 26.5 21.5 48 48 48h16c0 53 43 96 96 96s96-43 96-96h128c0 53 43 96 96 96s96-43 96-96h48c8.8 0 16-7.2 16-16v-32c0-8.8-7.2-16-16-16zM160 464c-26.5 0-48-21.5-48-48s21.5-48 48-48 48 21.5 48 48-21.5 48-48 48zm320 0c-26.5 0-48-21.5-48-48s21.5-48 48-48 48 21.5 48 48-21.5 48-48 48zm80-208H416V144h44.1l99.9 99.9V256z\\"></path></svg></div><div><input type=\\"radio\\" id=\\"contactChoice1\\" name=\\"pckupOrDelivery\\" value=\\"pickup\\" checked=\\"\\"/><label for=\\"contactChoice1\\">Pickup</label><input type=\\"radio\\" id=\\"contactChoice2\\" name=\\"pckupOrDelivery\\" value=\\"delivery\\"/><label for=\\"contactChoice2\\">Delivery</label></div></div><button class=\\"nextButton next-prev-button\\"><div style=\\"display:flex\\"><div class=\\"label\\">NEXT</div><a href=\\"/order/whichPayment\\"><div><svg aria-hidden=\\"true\\" focusable=\\"false\\" data-prefix=\\"fas\\" data-icon=\\"arrow-circle-right\\" class=\\"svg-inline--fa fa-arrow-circle-right fa-w-16 icon\\" role=\\"img\\" xmlns=\\"http://www.w3.org/2000/svg\\" viewBox=\\"0 0 512 512\\"><path fill=\\"currentColor\\" d=\\"M256 8c137 0 248 111 248 248S393 504 256 504 8 393 8 256 119 8 256 8zm-28.9 143.6l75.5 72.4H120c-13.3 0-24 10.7-24 24v16c0 13.3 10.7 24 24 24h182.6l-75.5 72.4c-9.7 9.3-9.9 24.8-.4 34.3l11 10.9c9.4 9.4 24.6 9.4 33.9 0L404.3 273c9.4-9.4 9.4-24.6 0-33.9L271.6 106.3c-9.4-9.4-24.6-9.4-33.9 0l-11 10.9c-9.5 9.6-9.3 25.1.4 34.4z\\"></path></svg></div></a></div></button></div></div>"`;
