// Jest Snapshot v1, https://goo.gl/fbAQLP

exports[`OrderWizard test XXXX 1`] = `undefined`;

exports[`OrderWizard test renders correctly 1`] = `
<div>
  Facebook
</div>
`;
