// Jest Snapshot v1, https://goo.gl/fbAQLP

exports[`Payment Step test matches snapshot 1`] = `"<div class=\\"wizardPanel\\"><h2 class=\\"wizardHeader\\">How do you wish to pay?</h2><div class=\\"wizardMain\\"><button class=\\"next-prev-button\\"><a href=\\"/order/address\\"><svg aria-hidden=\\"true\\" focusable=\\"false\\" data-prefix=\\"fas\\" data-icon=\\"arrow-circle-left\\" class=\\"svg-inline--fa fa-arrow-circle-left fa-w-16 icon\\" role=\\"img\\" xmlns=\\"http://www.w3.org/2000/svg\\" viewBox=\\"0 0 512 512\\"><path fill=\\"currentColor\\" d=\\"M256 504C119 504 8 393 8 256S119 8 256 8s248 111 248 248-111 248-248 248zm28.9-143.6L209.4 288H392c13.3 0 24-10.7 24-24v-16c0-13.3-10.7-24-24-24H209.4l75.5-72.4c9.7-9.3 9.9-24.8.4-34.3l-11-10.9c-9.4-9.4-24.6-9.4-33.9 0L107.7 239c-9.4 9.4-9.4 24.6 0 33.9l132.7 132.7c9.4 9.4 24.6 9.4 33.9 0l11-10.9c9.5-9.5 9.3-25-.4-34.3z\\"></path></svg></a></button><div class=\\"wizardCenter\\"><input type=\\"radio\\" id=\\"contactChoice2\\" name=\\"pickupOrDelivery\\" value=\\"face2face\\" checked=\\"\\"/><label for=\\"contactChoice2\\">Pay on arrival</label><input type=\\"radio\\" id=\\"contactChoice1\\" name=\\"pickupOrDelivery\\" value=\\"online\\"/><label for=\\"contactChoice1\\">Online</label></div><button class=\\"nextButton next-prev-button\\"><div style=\\"display:flex\\"><div class=\\"label\\">NEXT</div><a href=\\"/order/summary\\"><div><svg aria-hidden=\\"true\\" focusable=\\"false\\" data-prefix=\\"fas\\" data-icon=\\"arrow-circle-right\\" class=\\"svg-inline--fa fa-arrow-circle-right fa-w-16 icon\\" role=\\"img\\" xmlns=\\"http://www.w3.org/2000/svg\\" viewBox=\\"0 0 512 512\\"><path fill=\\"currentColor\\" d=\\"M256 8c137 0 248 111 248 248S393 504 256 504 8 393 8 256 119 8 256 8zm-28.9 143.6l75.5 72.4H120c-13.3 0-24 10.7-24 24v16c0 13.3 10.7 24 24 24h182.6l-75.5 72.4c-9.7 9.3-9.9 24.8-.4 34.3l11 10.9c9.4 9.4 24.6 9.4 33.9 0L404.3 273c9.4-9.4 9.4-24.6 0-33.9L271.6 106.3c-9.4-9.4-24.6-9.4-33.9 0l-11 10.9c-9.5 9.6-9.3 25.1.4 34.4z\\"></path></svg></div></a></div></button></div></div>"`;
