// Jest Snapshot v1, https://goo.gl/fbAQLP

exports[`Payment Step test matches snapshot 1`] = `""`;
