// Jest Snapshot v1, https://goo.gl/fbAQLP

exports[`renders correctly 1`] = `
<div
  page="http://www.facebook.com"
>
  Facebook2
</div>
`;
